// Jest Snapshot v1, https://goo.gl/fbAQLP

exports[`Error Page 404 tests Test LoadingPage renders 1`] = `[Function]`;
