// Jest Snapshot v1, https://goo.gl/fbAQLP

exports[`SideMenu tests match snapshot 1`] = `
<DocumentFragment>
  <div
    class=""
  >
    <div
      class="ant-drawer ant-drawer-left sideMenu_drawer"
      style="position: absolute;"
      tabindex="-1"
    >
      <div
        class="ant-drawer-mask"
      />
      <div
        class="ant-drawer-content-wrapper"
        style="transform: translateX(-100%); width: 378px;"
      >
        <div
          class="ant-drawer-content"
        >
          <div
            class="ant-drawer-wrapper-body"
          >
            <div
              class="ant-drawer-body"
            >
              <ul
                class="ant-menu ant-menu-root ant-menu-inline ant-menu-light sideBar"
                data-menu-list="true"
                role="menu"
                tabindex="0"
              >
                <li
                  class="ant-menu-item sideMenu_voice"
                  data-menu-id="rc-menu-uuid-test-1"
                  role="menuitem"
                  style="padding-left: 24px;"
                  tabindex="-1"
                >
                  <i
                    class="sideMenu_icon  ant-menu-item-icon"
                  />
                  <span
                    class="ant-menu-title-content"
                  >
                    <div
                      class="sideMenu_entry"
                    >
                      <span
                        class="sideMenu_label"
                      >
                        <span
                          class="ant-typography ant-typography-ellipsis ant-typography-single-line ant-typography-ellipsis-single-line"
                        >
                          entry_1
                        </span>
                        <i
                          class="fas fa-external-link-alt sideMenu_externalLink"
                        />
                      </span>
                    </div>
                  </span>
                </li>
                <li
                  class="ant-menu-item sideMenu_voice"
                  data-menu-id="rc-menu-uuid-test-2"
                  role="menuitem"
                  style="padding-left: 24px;"
                  tabindex="-1"
                >
                  <i
                    class="sideMenu_icon  ant-menu-item-icon"
                  />
                  <span
                    class="ant-menu-title-content"
                  >
                    <div
                      class="sideMenu_entry"
                    >
                      <span
                        class="sideMenu_label"
                      >
                        <span
                          class="ant-typography ant-typography-ellipsis ant-typography-single-line ant-typography-ellipsis-single-line"
                        >
                          entry_2
                        </span>
                        <i
                          class="fas fa-external-link-alt sideMenu_externalLink"
                        />
                      </span>
                    </div>
                  </span>
                </li>
              </ul>
              <div
                aria-hidden="true"
                style="display: none;"
              />
            </div>
          </div>
        </div>
      </div>
    </div>
  </div>
</DocumentFragment>
`;
